[01m[K/home/xslin/Documents/xslin/research/rpg_ws/src/test/src/uav_control_center.cpp:[m[K In function â€˜[01m[Kint main(int, char**)[m[Kâ€™:
[01m[K/home/xslin/Documents/xslin/research/rpg_ws/src/test/src/uav_control_center.cpp:303:7:[m[K [01;31m[Kerror: [m[Kâ€˜[01m[Kcout[m[Kâ€™ was not declared in this scope
       [01;31m[Kcout[m[K << uav_control_center.flight_info.type;
       [01;31m[K^~~~[m[K
[01m[K/home/xslin/Documents/xslin/research/rpg_ws/src/test/src/uav_control_center.cpp:303:7:[m[K [01;36m[Knote: [m[Ksuggested alternative:
In file included from [01m[K/home/xslin/Documents/xslin/research/rpg_ws/src/test/include/uav_control_center.h:5:0[m[K,
                 from [01m[K/home/xslin/Documents/xslin/research/rpg_ws/src/test/src/uav_control_center.cpp:21[m[K:
[01m[K/usr/include/c++/7/iostream:61:18:[m[K [01;36m[Knote: [m[K  â€˜[01m[Kstd::cout[m[Kâ€™
   extern ostream [01;36m[Kcout[m[K;  /// Linked to standard output
                  [01;36m[K^~~~[m[K
make[2]: *** [CMakeFiles/uav_control_center.dir/src/uav_control_center.cpp.o] Error 1
make[1]: *** [CMakeFiles/uav_control_center.dir/all] Error 2
make: *** [all] Error 2
