In file included from [01m[K/opt/ros/melodic/include/ros/ros.h:40:0[m[K,
                 from [01m[K/home/xslin/Documents/xslin/research/rpg_ws/src/test/include/uav_control_center.h:6[m[K,
                 from [01m[K/home/xslin/Documents/xslin/research/rpg_ws/src/test/src/uav_control_center.cpp:21[m[K:
[01m[K/home/xslin/Documents/xslin/research/rpg_ws/src/test/src/uav_control_center.cpp:[m[K In function â€˜[01m[Kint main(int, char**)[m[Kâ€™:
[01m[K/home/xslin/Documents/xslin/research/rpg_ws/src/test/src/uav_control_center.cpp:206:26:[m[K [01;31m[Kerror: [m[Kinvalid operands of types â€˜[01m[Kconst char [9][m[Kâ€™ and â€˜[01m[Kbool[m[Kâ€™ to binary â€˜[01m[Koperator<<[m[Kâ€™
      ROS_INFO([01;31m[K"FLAG IS " << uav_control_center.flight_info.f[m[Klag);
               [01;31m[K~~~~~~~~~~~^~~~~~~~~~~~~~~~~~~~~~~~~~~~~~~~~~~[m[K
[01m[K/opt/ros/melodic/include/ros/console.h:348:165:[m[K [01;36m[Knote: [m[Kin definition of macro â€˜[01m[KROSCONSOLE_PRINT_AT_LOCATION_WITH_FILTER[m[Kâ€™
     ::ros::console::print(filter, __rosconsole_define_location__loc.logger_, __rosconsole_define_location__loc.level_, __FILE__, __LINE__, __ROSCONSOLE_FUNCTION__, [01;36m[K__VA_ARGS__[m[K)
                                                                                                                                                                     [01;36m[K^~~~~~~~~~~[m[K
[01m[K/opt/ros/melodic/include/ros/console.h:387:7:[m[K [01;36m[Knote: [m[Kin expansion of macro â€˜[01m[KROSCONSOLE_PRINT_AT_LOCATION[m[Kâ€™
       [01;36m[KROSCONSOLE_PRINT_AT_LOCATION[m[K(__VA_ARGS__); \
       [01;36m[K^~~~~~~~~~~~~~~~~~~~~~~~~~~~[m[K
[01m[K/opt/ros/melodic/include/ros/console.h:572:35:[m[K [01;36m[Knote: [m[Kin expansion of macro â€˜[01m[KROS_LOG_COND[m[Kâ€™
 #define ROS_LOG(level, name, ...) [01;36m[KROS_LOG_COND[m[K(true, level, name, __VA_ARGS__)
                                   [01;36m[K^~~~~~~~~~~~[m[K
[01m[K/opt/ros/melodic/include/rosconsole/macros_generated.h:110:23:[m[K [01;36m[Knote: [m[Kin expansion of macro â€˜[01m[KROS_LOG[m[Kâ€™
 #define ROS_INFO(...) [01;36m[KROS_LOG[m[K(::ros::console::levels::Info, ROSCONSOLE_DEFAULT_NAME, __VA_ARGS__)
                       [01;36m[K^~~~~~~[m[K
[01m[K/home/xslin/Documents/xslin/research/rpg_ws/src/test/src/uav_control_center.cpp:206:6:[m[K [01;36m[Knote: [m[Kin expansion of macro â€˜[01m[KROS_INFO[m[Kâ€™
      [01;36m[KR[m[KOS_INFO("FLAG IS " << uav_control_center.flight_info.flag);
      [01;36m[K^[m[K
make[2]: *** [CMakeFiles/uav_control_center.dir/src/uav_control_center.cpp.o] Error 1
make[1]: *** [CMakeFiles/uav_control_center.dir/all] Error 2
make: *** [all] Error 2
