[01m[K/home/xslin/Documents/xslin/research/rpg_ws/src/test/src/uav_control_center.cpp:[m[K In member function â€˜[01m[Kvoid rotors_gazebo::UAV_CONTROL_CENTER::uav_trajectory_publisher(std::vector<waypointstruct>&, double, double)[m[Kâ€™:
[01m[K/home/xslin/Documents/xslin/research/rpg_ws/src/test/src/uav_control_center.cpp:87:29:[m[K [01;31m[Kerror: [m[Kâ€˜[01m[Kwp_next[m[Kâ€™ declared as reference but not initialized
             waypointstruct& [01;31m[Kwp_next[m[K;
                             [01;31m[K^~~~~~~[m[K
make[2]: *** [CMakeFiles/uav_control_center.dir/src/uav_control_center.cpp.o] Error 1
make[1]: *** [CMakeFiles/uav_control_center.dir/all] Error 2
make: *** [all] Error 2
