[01m[K/home/xslin/Documents/xslin/research/rpg_ws/src/test/src/uav_control_center.cpp:[m[K In member function â€˜[01m[Kvoid rotors_gazebo::UAV_CONTROL_CENTER::uav_trajectory_publisher(std::vector<waypointstruct>&, double, double)[m[Kâ€™:
[01m[K/home/xslin/Documents/xslin/research/rpg_ws/src/test/src/uav_control_center.cpp:112:41:[m[K [01;31m[Kerror: [m[Kâ€˜[01m[Kquadrotor_msgs::TrajectoryPoint {aka struct quadrotor_msgs::TrajectoryPoint_<std::allocator<void> >}[m[Kâ€™ has no member named â€˜[01m[Ktime_from_start_ns[m[Kâ€™; did you mean â€˜[01m[Ktime_from_start[m[Kâ€™?
             std::cout<<trajectory_point.[01;31m[Ktime_from_start_ns[m[K<<"\n";
                                         [01;31m[K^~~~~~~~~~~~~~~~~~[m[K
                                         [32m[Ktime_from_start[m[K
[01m[K/home/xslin/Documents/xslin/research/rpg_ws/src/test/src/uav_control_center.cpp:115:24:[m[K [01;31m[Kerror: [m[Kâ€˜[01m[Kdesired_position[m[Kâ€™ was not declared in this scope
             std::cout<<[01;31m[Kdesired_position[m[K<<"\n";
                        [01;31m[K^~~~~~~~~~~~~~~~[m[K
[01m[K/home/xslin/Documents/xslin/research/rpg_ws/src/test/src/uav_control_center.cpp:115:24:[m[K [01;36m[Knote: [m[Ksuggested alternative: â€˜[01m[Kdesired_yaw[m[Kâ€™
             std::cout<<[01;36m[Kdesired_position[m[K<<"\n";
                        [01;36m[K^~~~~~~~~~~~~~~~[m[K
                        [32m[Kdesired_yaw[m[K
[01m[K/home/xslin/Documents/xslin/research/rpg_ws/src/test/src/uav_control_center.cpp:122:23:[m[K [01;31m[Kerror: [m[Kno match for â€˜[01m[Koperator=[m[Kâ€™ (operand types are â€˜[01m[Kquadrotor_msgs::Trajectory_<std::allocator<void> >::_points_type {aka std::vector<quadrotor_msgs::TrajectoryPoint_<std::allocator<void> >, std::allocator<quadrotor_msgs::TrajectoryPoint_<std::allocator<void> > > >}[m[Kâ€™ and â€˜[01m[Kquadrotor_msgs::TrajectoryPoint [(<anonymous> + 1)] {aka quadrotor_msgs::TrajectoryPoint_<std::allocator<void> > [(<anonymous> + 1)]}[m[Kâ€™)
   trajectory.points = [01;31m[Kpoints[m[K;
                       [01;31m[K^~~~~~[m[K
In file included from [01m[K/usr/include/c++/7/vector:69:0[m[K,
                 from [01m[K/usr/include/boost/math/special_functions/math_fwd.hpp:26[m[K,
                 from [01m[K/usr/include/boost/math/special_functions/round.hpp:15[m[K,
                 from [01m[K/opt/ros/melodic/include/ros/time.h:58[m[K,
                 from [01m[K/opt/ros/melodic/include/ros/ros.h:38[m[K,
                 from [01m[K/home/xslin/Documents/xslin/research/rpg_ws/src/test/include/uav_control_center.h:6[m[K,
                 from [01m[K/home/xslin/Documents/xslin/research/rpg_ws/src/test/src/uav_control_center.cpp:21[m[K:
[01m[K/usr/include/c++/7/bits/vector.tcc:179:5:[m[K [01;36m[Knote: [m[Kcandidate: std::vector<_Tp, _Alloc>& std::vector<_Tp, _Alloc>::operator=(const std::vector<_Tp, _Alloc>&) [with _Tp = quadrotor_msgs::TrajectoryPoint_<std::allocator<void> >; _Alloc = std::allocator<quadrotor_msgs::TrajectoryPoint_<std::allocator<void> > >]
     [01;36m[Kvector<_Tp, _Alloc>[m[K::
     [01;36m[K^~~~~~~~~~~~~~~~~~~[m[K
[01m[K/usr/include/c++/7/bits/vector.tcc:179:5:[m[K [01;36m[Knote: [m[K  no known conversion for argument 1 from â€˜[01m[Kquadrotor_msgs::TrajectoryPoint [(<anonymous> + 1)] {aka quadrotor_msgs::TrajectoryPoint_<std::allocator<void> > [(<anonymous> + 1)]}[m[Kâ€™ to â€˜[01m[Kconst std::vector<quadrotor_msgs::TrajectoryPoint_<std::allocator<void> >, std::allocator<quadrotor_msgs::TrajectoryPoint_<std::allocator<void> > > >&[m[Kâ€™
In file included from [01m[K/usr/include/c++/7/vector:64:0[m[K,
                 from [01m[K/usr/include/boost/math/special_functions/math_fwd.hpp:26[m[K,
                 from [01m[K/usr/include/boost/math/special_functions/round.hpp:15[m[K,
                 from [01m[K/opt/ros/melodic/include/ros/time.h:58[m[K,
                 from [01m[K/opt/ros/melodic/include/ros/ros.h:38[m[K,
                 from [01m[K/home/xslin/Documents/xslin/research/rpg_ws/src/test/include/uav_control_center.h:6[m[K,
                 from [01m[K/home/xslin/Documents/xslin/research/rpg_ws/src/test/src/uav_control_center.cpp:21[m[K:
[01m[K/usr/include/c++/7/bits/stl_vector.h:461:7:[m[K [01;36m[Knote: [m[Kcandidate: std::vector<_Tp, _Alloc>& std::vector<_Tp, _Alloc>::operator=(std::vector<_Tp, _Alloc>&&) [with _Tp = quadrotor_msgs::TrajectoryPoint_<std::allocator<void> >; _Alloc = std::allocator<quadrotor_msgs::TrajectoryPoint_<std::allocator<void> > >]
       [01;36m[Koperator[m[K=(vector&& __x) noexcept(_Alloc_traits::_S_nothrow_move())
       [01;36m[K^~~~~~~~[m[K
[01m[K/usr/include/c++/7/bits/stl_vector.h:461:7:[m[K [01;36m[Knote: [m[K  no known conversion for argument 1 from â€˜[01m[Kquadrotor_msgs::TrajectoryPoint [(<anonymous> + 1)] {aka quadrotor_msgs::TrajectoryPoint_<std::allocator<void> > [(<anonymous> + 1)]}[m[Kâ€™ to â€˜[01m[Kstd::vector<quadrotor_msgs::TrajectoryPoint_<std::allocator<void> >, std::allocator<quadrotor_msgs::TrajectoryPoint_<std::allocator<void> > > >&&[m[Kâ€™
[01m[K/usr/include/c++/7/bits/stl_vector.h:482:7:[m[K [01;36m[Knote: [m[Kcandidate: std::vector<_Tp, _Alloc>& std::vector<_Tp, _Alloc>::operator=(std::initializer_list<_Tp>) [with _Tp = quadrotor_msgs::TrajectoryPoint_<std::allocator<void> >; _Alloc = std::allocator<quadrotor_msgs::TrajectoryPoint_<std::allocator<void> > >]
       [01;36m[Koperator[m[K=(initializer_list<value_type> __l)
       [01;36m[K^~~~~~~~[m[K
[01m[K/usr/include/c++/7/bits/stl_vector.h:482:7:[m[K [01;36m[Knote: [m[K  no known conversion for argument 1 from â€˜[01m[Kquadrotor_msgs::TrajectoryPoint [(<anonymous> + 1)] {aka quadrotor_msgs::TrajectoryPoint_<std::allocator<void> > [(<anonymous> + 1)]}[m[Kâ€™ to â€˜[01m[Kstd::initializer_list<quadrotor_msgs::TrajectoryPoint_<std::allocator<void> > >[m[Kâ€™
make[2]: *** [CMakeFiles/uav_control_center.dir/src/uav_control_center.cpp.o] Error 1
make[1]: *** [CMakeFiles/uav_control_center.dir/all] Error 2
make: *** [all] Error 2
