[01m[K/home/xslin/Documents/xslin/research/rpg_ws/src/test/src/uav_control_center.cpp:85:5:[m[K [01;31m[Kerror: [m[Kprototype for â€˜[01m[Kint rotors_gazebo::UAV_CONTROL_CENTER::uav_trajectory_publisher(std::vector<waypointstruct>&, double, double)[m[Kâ€™ does not match any in class â€˜[01m[Krotors_gazebo::UAV_CONTROL_CENTER[m[Kâ€™
 int [01;31m[KUAV_CONTROL_CENTER[m[K::uav_trajectory_publisher(std::vector<waypointstruct>&new_waypoints, double disp_x, double disp_y){
     [01;31m[K^~~~~~~~~~~~~~~~~~[m[K
In file included from [01m[K/home/xslin/Documents/xslin/research/rpg_ws/src/test/src/uav_control_center.cpp:21:0[m[K:
[01m[K/home/xslin/Documents/xslin/research/rpg_ws/src/test/include/uav_control_center.h:46:8:[m[K [01;31m[Kerror: [m[Kcandidate is: void rotors_gazebo::UAV_CONTROL_CENTER::uav_trajectory_publisher(std::vector<waypointstruct>&, double, double)
   void [01;31m[Kuav_trajectory_publisher[m[K(std::vector<waypointstruct>&new_waypoints, double disp_x, double disp_y);
        [01;31m[K^~~~~~~~~~~~~~~~~~~~~~~~[m[K
make[2]: *** [CMakeFiles/uav_control_center.dir/src/uav_control_center.cpp.o] Error 1
make[1]: *** [CMakeFiles/uav_control_center.dir/all] Error 2
make: *** [all] Error 2
