[31m[1mCMake Error[0m at /opt/ros/melodic/share/genmsg/cmake/genmsg-extras.cmake:138 (message):
  add_service_files() called with unused arguments: age.srv
[36mCall Stack (most recent call first):[0m
  CMakeLists.txt:63 (add_service_files)


make: *** [cmake_check_build_system] Error 1
