[31m[1mCMake Error[0m at /opt/ros/melodic/share/catkin/cmake/catkinConfig.cmake:83 (find_package):
  Could not find a package configuration file provided by "Eigen" with any of
  the following names:

    EigenConfig.cmake
    eigen-config.cmake

  Add the installation prefix of "Eigen" to CMAKE_PREFIX_PATH or set
  "Eigen_DIR" to a directory containing one of the above files.  If "Eigen"
  provides a separate development package or SDK, be sure it has been
  installed.
[36mCall Stack (most recent call first):[0m
  CMakeLists.txt:10 (find_package)


make: *** [cmake_check_build_system] Error 1
