[01m[K/home/xslin/Documents/xslin/research/rpg_ws/src/test/src/uav_control_center.cpp:[m[K In constructor â€˜[01m[Krotors_gazebo::UAV_CONTROL_CENTER::UAV_CONTROL_CENTER(const ros::NodeHandle&, const ros::NodeHandle&)[m[Kâ€™:
[01m[K/home/xslin/Documents/xslin/research/rpg_ws/src/test/src/uav_control_center.cpp:51:42:[m[K [01;31m[Kerror: [m[Kâ€˜[01m[KUAVstate_sub_callback[m[Kâ€™ is not a member of â€˜[01m[Krotors_gazebo::UAV_CONTROL_CENTER[m[Kâ€™
                     &UAV_CONTROL_CENTER::[01;31m[KUAVstate_sub_callback[m[K,this);
                                          [01;31m[K^~~~~~~~~~~~~~~~~~~~~[m[K
make[2]: *** [CMakeFiles/uav_control_center.dir/src/uav_control_center.cpp.o] Error 1
make[1]: *** [CMakeFiles/uav_control_center.dir/all] Error 2
make: *** [all] Error 2
