[01m[K/home/xslin/Documents/xslin/research/rpg_ws/src/test/src/uav_control_center.cpp:[m[K In member function â€˜[01m[Kvoid rotors_gazebo::UAV_CONTROL_CENTER::cmd2UAV_sub_callback(const ConstPtr&)[m[Kâ€™:
[01m[K/home/xslin/Documents/xslin/research/rpg_ws/src/test/src/uav_control_center.cpp:217:17:[m[K [01;31m[Kerror: [m[Kâ€˜[01m[Kstruct rotors_gazebo::UAV_CONTROL_CENTER::X[m[Kâ€™ has no member named â€˜[01m[Ktype[m[Kâ€™
     flight_info.[01;31m[Ktype[m[K = msg -> type;
                 [01;31m[K^~~~[m[K
[01m[K/home/xslin/Documents/xslin/research/rpg_ws/src/test/src/uav_control_center.cpp:[m[K In function â€˜[01m[Kint main(int, char**)[m[Kâ€™:
[01m[K/home/xslin/Documents/xslin/research/rpg_ws/src/test/src/uav_control_center.cpp:304:42:[m[K [01;31m[Kerror: [m[Kâ€˜[01m[Kstruct rotors_gazebo::UAV_CONTROL_CENTER::X[m[Kâ€™ has no member named â€˜[01m[Ktype[m[Kâ€™
       if (uav_control_center.flight_info.[01;31m[Ktype[m[K < 4){
                                          [01;31m[K^~~~[m[K
[01m[K/home/xslin/Documents/xslin/research/rpg_ws/src/test/src/uav_control_center.cpp:316:66:[m[K [01;31m[Kerror: [m[Kâ€˜[01m[Kstruct rotors_gazebo::UAV_CONTROL_CENTER::X[m[Kâ€™ has no member named â€˜[01m[Ktype[m[Kâ€™
         new_waypoints = waypoints[uav_control_center.flight_info.[01;31m[Ktype[m[K][new_idx];
                                                                  [01;31m[K^~~~[m[K
[01m[K/home/xslin/Documents/xslin/research/rpg_ws/src/test/src/uav_control_center.cpp:377:40:[m[K [01;31m[Kerror: [m[Kâ€˜[01m[Kstruct rotors_gazebo::UAV_CONTROL_CENTER::X[m[Kâ€™ has no member named â€˜[01m[Ktype[m[Kâ€™
         uav_control_center.flight_info.[01;31m[Ktype[m[K = 4;
                                        [01;31m[K^~~~[m[K
make[2]: *** [CMakeFiles/uav_control_center.dir/src/uav_control_center.cpp.o] Error 1
make[1]: *** [CMakeFiles/uav_control_center.dir/all] Error 2
make: *** [all] Error 2
