[01m[K/home/xslin/Documents/xslin/research/rpg_ws/src/test/src/uav_control_center_1.cpp:[m[K In member function â€˜[01m[Kvoid rotors_gazebo::UAV_CONTROL_CENTER::cmd2UAV_sub_callback(const ConstPtr&)[m[Kâ€™:
[01m[K/home/xslin/Documents/xslin/research/rpg_ws/src/test/src/uav_control_center_1.cpp:218:31:[m[K [01;31m[Kerror: [m[Kâ€˜[01m[Kconst struct test::floatlist_<std::allocator<void> >[m[Kâ€™ has no member named â€˜[01m[Kflag[m[Kâ€™
     flight_info.flag = msg -> [01;31m[Kflag[m[K;
                               [01;31m[K^~~~[m[K
make[2]: *** [CMakeFiles/uav_control_center.dir/src/uav_control_center_1.cpp.o] Error 1
make[1]: *** [CMakeFiles/uav_control_center.dir/all] Error 2
make: *** [all] Error 2
