In file included from [01m[K/home/xslin/Documents/xslin/research/rpg_ws/src/test/src/uav_control_center_1.cpp:21:0[m[K:
[01m[K/home/xslin/Documents/xslin/research/rpg_ws/src/test/include/uav_control_center_1.h:11:10:[m[K [01;31m[Kfatal error: [m[Ktest/floatlist_1.h: No such file or directory
 #include [01;31m[K<test/floatlist_1.h>[m[K
          [01;31m[K^~~~~~~~~~~~~~~~~~~~[m[K
compilation terminated.
In file included from [01m[K/home/xslin/Documents/xslin/research/rpg_ws/src/test/src/uav_control_center.cpp:21:0[m[K:
[01m[K/home/xslin/Documents/xslin/research/rpg_ws/src/test/include/uav_control_center.h:11:10:[m[K [01;31m[Kfatal error: [m[Ktest/floatlist.h: No such file or directory
 #include [01;31m[K<test/floatlist.h>[m[K
          [01;31m[K^~~~~~~~~~~~~~~~~~[m[K
compilation terminated.
make[2]: *** [CMakeFiles/uav_control_center_1.dir/src/uav_control_center_1.cpp.o] Error 1
make[1]: *** [CMakeFiles/uav_control_center_1.dir/all] Error 2
make[1]: *** Waiting for unfinished jobs....
make[2]: *** [CMakeFiles/uav_control_center.dir/src/uav_control_center.cpp.o] Error 1
make[1]: *** [CMakeFiles/uav_control_center.dir/all] Error 2
make: *** [all] Error 2
